// Jest Snapshot v1, https://goo.gl/fbAQLP

exports[`Simple Table renders multi-value just fine... 1`] = `
<table>
  <tbody>
    <GenericTableRow
      item={
        Object {
          "hoverClass": "",
          "icon": null,
          "image": "http://localhost:3000/assets/svg/vendor-ec2_network-04c432db85be0fd670cd6da83b8685dab51e1b7a63258b70cccbdf8d7f72c988.svg",
          "label": "Network Manager",
          "link": "/ems_network/10000000000045",
          "title": "Show Network Manager 'Amazon East Network Manager'",
          "value": Array [
            Object {
              "icon": null,
              "title": "Amazon East Network Manager",
              "value": "foobar",
            },
            Object {
              "icon": null,
              "title": "Amazon West Network Manager",
              "value": "boofar",
            },
          ],
        }
      }
      onClick={[Function]}
    />
  </tbody>
</table>
`;

exports[`Simple Table renders simple value just fine... 1`] = `
<table>
  <tbody>
    <GenericTableRow
      item={
        Object {
          "hoverClass": "",
          "icon": null,
          "image": "http://localhost:3000/assets/svg/vendor-ec2_network-04c432db85be0fd670cd6da83b8685dab51e1b7a63258b70cccbdf8d7f72c988.svg",
          "label": "Network Manager",
          "link": "/ems_network/10000000000045",
          "title": "Show Network Manager 'Amazon East Network Manager'",
          "value": "Amazon East Network Manager",
        }
      }
      onClick={[Function]}
    />
  </tbody>
</table>
`;
