// Jest Snapshot v1, https://goo.gl/fbAQLP

exports[`Final form FieldGroup component Should render correctly 1`] = `
<ReactFinalForm
  onSubmit={[Function]}
  render={[Function]}
/>
`;

exports[`Final form FieldGroup component Should render correctly with error state 1`] = `
<ReactFinalForm
  onSubmit={[Function]}
  render={[Function]}
/>
`;
