// Jest Snapshot v1, https://goo.gl/fbAQLP

exports[`Some dummy test 1`] = `
<div
  className="some-class"
>
  <div
    className="alert alert-danger"
  >
    <span
      aria-hidden="true"
      className="pficon pficon-error-circle-o"
    />
    I am an Alert
  </div>
</div>
`;
